// Vitest Snapshot v1, https://vitest.dev/guide/snapshot.html

exports[`Spinner > should render correctly 1`] = `
"<div class="container"><svg xmlns="http://www.w3.org/2000/svg" width="32" height="32" viewBox="0 0 32 32" stroke-width="6.4" class="icon">
    <defs>
      <circle id="circle" cx="16" cy="16" r="12.8" fill="none"></circle>
    </defs>
    <use href="#circle" stroke="var(--ga-color-secondary)"></use>
    <use href="#circle" class="spinner" stroke="var(--ga-color-primary-70)" stroke-linecap="round" stroke-dasharray="21 84"></use>
  </svg><span class="label">mock content</span></div>"
`;
